kotlin version: 2.0.0
error message: org.jetbrains.kotlin.backend.common.BackendException: Backend Internal error: Exception during IR lowering
File being compiled: C:/Users/Admin/Desktop/ConcursInfo/app/src/main/java/com/example/myapplication/ui/components/AmbientGlowBackground.kt
The root cause java.lang.RuntimeException was thrown at: org.jetbrains.kotlin.backend.jvm.codegen.FunctionCodegen.generate(FunctionCodegen.kt:50)
	at org.jetbrains.kotlin.backend.common.CodegenUtil.reportBackendException(CodegenUtil.kt:253)
	at org.jetbrains.kotlin.backend.common.CodegenUtil.reportBackendException$default(CodegenUtil.kt:236)
	at org.jetbrains.kotlin.backend.common.phaser.PerformByIrFilePhase.invokeSequential(performByIrFile.kt:65)
	at org.jetbrains.kotlin.backend.common.phaser.PerformByIrFilePhase.invoke(performByIrFile.kt:52)
	at org.jetbrains.kotlin.backend.common.phaser.PerformByIrFilePhase.invoke(performByIrFile.kt:38)
	at org.jetbrains.kotlin.backend.common.phaser.NamedCompilerPhase.phaseBody(CompilerPhase.kt:166)
	at org.jetbrains.kotlin.backend.common.phaser.AbstractNamedCompilerPhase.invoke(CompilerPhase.kt:113)
	at org.jetbrains.kotlin.backend.common.phaser.CompositePhase.invoke(PhaseBuilders.kt:29)
	at org.jetbrains.kotlin.backend.common.phaser.CompositePhase.invoke(PhaseBuilders.kt:16)
	at org.jetbrains.kotlin.backend.common.phaser.NamedCompilerPhase.phaseBody(CompilerPhase.kt:166)
	at org.jetbrains.kotlin.backend.common.phaser.AbstractNamedCompilerPhase.invoke(CompilerPhase.kt:113)
	at org.jetbrains.kotlin.backend.common.phaser.CompilerPhaseKt.invokeToplevel(CompilerPhase.kt:62)
	at org.jetbrains.kotlin.backend.jvm.JvmIrCodegenFactory.invokeCodegen(JvmIrCodegenFactory.kt:371)
	at org.jetbrains.kotlin.codegen.CodegenFactory.generateModule(CodegenFactory.kt:47)
	at org.jetbrains.kotlin.backend.jvm.JvmIrCodegenFactory.generateModuleInFrontendIRMode(JvmIrCodegenFactory.kt:433)
	at org.jetbrains.kotlin.cli.jvm.compiler.pipeline.JvmCompilerPipelineKt.generateCodeFromIr(jvmCompilerPipeline.kt:241)
	at org.jetbrains.kotlin.cli.jvm.compiler.pipeline.JvmCompilerPipelineKt.compileModulesUsingFrontendIrAndLightTree(jvmCompilerPipeline.kt:140)
	at org.jetbrains.kotlin.cli.jvm.K2JVMCompiler.doExecute(K2JVMCompiler.kt:155)
	at org.jetbrains.kotlin.cli.jvm.K2JVMCompiler.doExecute(K2JVMCompiler.kt:50)
	at org.jetbrains.kotlin.cli.common.CLICompiler.execImpl(CLICompiler.kt:104)
	at org.jetbrains.kotlin.cli.common.CLICompiler.execImpl(CLICompiler.kt:48)
	at org.jetbrains.kotlin.cli.common.CLITool.exec(CLITool.kt:101)
	at org.jetbrains.kotlin.incremental.IncrementalJvmCompilerRunner.runCompiler(IncrementalJvmCompilerRunner.kt:453)
	at org.jetbrains.kotlin.incremental.IncrementalJvmCompilerRunner.runCompiler(IncrementalJvmCompilerRunner.kt:62)
	at org.jetbrains.kotlin.incremental.IncrementalCompilerRunner.doCompile(IncrementalCompilerRunner.kt:506)
	at org.jetbrains.kotlin.incremental.IncrementalCompilerRunner.compileImpl(IncrementalCompilerRunner.kt:423)
	at org.jetbrains.kotlin.incremental.IncrementalCompilerRunner.compileNonIncrementally(IncrementalCompilerRunner.kt:301)
	at org.jetbrains.kotlin.incremental.IncrementalCompilerRunner.compile(IncrementalCompilerRunner.kt:129)
	at org.jetbrains.kotlin.daemon.CompileServiceImplBase.execIncrementalCompiler(CompileServiceImpl.kt:676)
	at org.jetbrains.kotlin.daemon.CompileServiceImplBase.access$execIncrementalCompiler(CompileServiceImpl.kt:92)
	at org.jetbrains.kotlin.daemon.CompileServiceImpl.compile(CompileServiceImpl.kt:1661)
	at java.base/jdk.internal.reflect.DirectMethodHandleAccessor.invoke(Unknown Source)
	at java.base/java.lang.reflect.Method.invoke(Unknown Source)
	at java.rmi/sun.rmi.server.UnicastServerRef.dispatch(Unknown Source)
	at java.rmi/sun.rmi.transport.Transport$1.run(Unknown Source)
	at java.rmi/sun.rmi.transport.Transport$1.run(Unknown Source)
	at java.base/java.security.AccessController.doPrivileged(Unknown Source)
	at java.rmi/sun.rmi.transport.Transport.serviceCall(Unknown Source)
	at java.rmi/sun.rmi.transport.tcp.TCPTransport.handleMessages(Unknown Source)
	at java.rmi/sun.rmi.transport.tcp.TCPTransport$ConnectionHandler.run0(Unknown Source)
	at java.rmi/sun.rmi.transport.tcp.TCPTransport$ConnectionHandler.lambda$run$0(Unknown Source)
	at java.base/java.security.AccessController.doPrivileged(Unknown Source)
	at java.rmi/sun.rmi.transport.tcp.TCPTransport$ConnectionHandler.run(Unknown Source)
	at java.base/java.util.concurrent.ThreadPoolExecutor.runWorker(Unknown Source)
	at java.base/java.util.concurrent.ThreadPoolExecutor$Worker.run(Unknown Source)
	at java.base/java.lang.Thread.run(Unknown Source)
Caused by: java.lang.RuntimeException: Exception while generating code for:
FUN name:AmbientGlowBackground visibility:public modality:FINAL <> (modifier:androidx.compose.ui.Modifier, content:@[Composable] @[ExtensionFunctionType] kotlin.Function1<androidx.compose.foundation.layout.BoxScope, kotlin.Unit>) returnType:kotlin.Unit
  annotations:
    Composable
  VALUE_PARAMETER name:modifier index:0 type:androidx.compose.ui.Modifier
    EXPRESSION_BODY
      ERROR_EXPR 'Default Stub' type=androidx.compose.ui.Modifier
  VALUE_PARAMETER name:content index:1 type:@[Composable] @[ExtensionFunctionType] kotlin.Function1<androidx.compose.foundation.layout.BoxScope, kotlin.Unit>
  BLOCK_BODY
    VAR name:infiniteTransition type:androidx.compose.animation.core.InfiniteTransition [val]
      CALL 'public final fun rememberInfiniteTransition (label: kotlin.String): androidx.compose.animation.core.InfiniteTransition declared in androidx.compose.animation.core.InfiniteTransitionKt' type=androidx.compose.animation.core.InfiniteTransition origin=null
        label: CONST String type=kotlin.String value="ambient"
    VAR PROPERTY_DELEGATE name:greenAlpha$delegate type:androidx.compose.runtime.State<kotlin.Float> [val]
      CALL 'public final fun animateFloat (initialValue: kotlin.Float, targetValue: kotlin.Float, animationSpec: androidx.compose.animation.core.InfiniteRepeatableSpec<kotlin.Float>, label: kotlin.String): androidx.compose.runtime.State<kotlin.Float> declared in androidx.compose.animation.core.InfiniteTransitionKt' type=androidx.compose.runtime.State<kotlin.Float> origin=null
        $receiver: GET_VAR 'val infiniteTransition: androidx.compose.animation.core.InfiniteTransition [val] declared in com.example.myapplication.ui.components.AmbientGlowBackgroundKt.AmbientGlowBackground' type=androidx.compose.animation.core.InfiniteTransition origin=null
        initialValue: CONST Float type=kotlin.Float value=0.15
        targetValue: CONST Float type=kotlin.Float value=0.25
        animationSpec: TYPE_OP type=androidx.compose.animation.core.InfiniteRepeatableSpec<kotlin.Float> origin=IMPLICIT_CAST typeOperand=androidx.compose.animation.core.InfiniteRepeatableSpec<kotlin.Float>
          CALL 'public final fun infiniteRepeatable-9IiC70o$default <T> (animation: androidx.compose.animation.core.DurationBasedAnimationSpec<T of androidx.compose.animation.core.AnimationSpecKt.infiniteRepeatable-9IiC70o$default>, repeatMode: androidx.compose.animation.core.RepeatMode?, initialStartOffset: androidx.compose.animation.core.StartOffset, $mask0: kotlin.Int, $handler: kotlin.Any?): androidx.compose.animation.core.InfiniteRepeatableSpec<T of androidx.compose.animation.core.AnimationSpecKt.infiniteRepeatable> declared in androidx.compose.animation.core.AnimationSpecKt' type=androidx.compose.animation.core.InfiniteRepeatableSpec<T of androidx.compose.animation.core.AnimationSpecKt.infiniteRepeatable> origin=DEFAULT_DISPATCH_CALL
            <T>: kotlin.Float
            animation: TYPE_OP type=androidx.compose.animation.core.TweenSpec<kotlin.Float> origin=IMPLICIT_CAST typeOperand=androidx.compose.animation.core.TweenSpec<kotlin.Float>
              CALL 'public final fun tween$default <T> (durationMillis: kotlin.Int, delayMillis: kotlin.Int, easing: androidx.compose.animation.core.Easing?, $mask0: kotlin.Int, $handler: kotlin.Any?): androidx.compose.animation.core.TweenSpec<T of androidx.compose.animation.core.AnimationSpecKt.tween$default> declared in androidx.compose.animation.core.AnimationSpecKt' type=androidx.compose.animation.core.TweenSpec<T of androidx.compose.animation.core.AnimationSpecKt.tween$default> origin=DEFAULT_DISPATCH_CALL
                <T>: kotlin.Float
                durationMillis: CONST Int type=kotlin.Int value=4000
                delayMillis: COMPOSITE type=kotlin.Int origin=DEFAULT_VALUE
                  CONST Int type=kotlin.Int value=0
                easing: GET_FIELD 'FIELD PROPERTY_BACKING_FIELD name:EaseInOutQuart type:androidx.compose.animation.core.CubicBezierEasing visibility:private [final,static]' type=androidx.compose.animation.core.CubicBezierEasing origin=null
                $mask0: CONST Int type=kotlin.Int value=2
                $handler: CONST Null type=kotlin.Any? value=null
            repeatMode: GET_FIELD 'FIELD FIELD_FOR_ENUM_ENTRY name:Reverse type:androidx.compose.animation.core.RepeatMode visibility:public [final,static]' type=androidx.compose.animation.core.RepeatMode origin=null
            initialStartOffset: COMPOSITE type=androidx.compose.animation.core.StartOffset origin=DEFAULT_VALUE
              CALL 'public final fun <unsafe-coerce> <T, R> (v: T of kotlin.jvm.internal.<unsafe-coerce>): R of kotlin.jvm.internal.<unsafe-coerce> declared in kotlin.jvm.internal' type=androidx.compose.animation.core.StartOffset origin=null
                <T>: kotlin.Long
                <R>: androidx.compose.animation.core.StartOffset
                v: CONST Long type=kotlin.Long value=0
            $mask0: CONST Int type=kotlin.Int value=4
            $handler: CONST Null type=kotlin.Any? value=null
        label: CONST String type=kotlin.String value="greenPulse"
    VAR PROPERTY_DELEGATE name:blueAlpha$delegate type:androidx.compose.runtime.State<kotlin.Float> [val]
      CALL 'public final fun animateFloat (initialValue: kotlin.Float, targetValue: kotlin.Float, animationSpec: androidx.compose.animation.core.InfiniteRepeatableSpec<kotlin.Float>, label: kotlin.String): androidx.compose.runtime.State<kotlin.Float> declared in androidx.compose.animation.core.InfiniteTransitionKt' type=androidx.compose.runtime.State<kotlin.Float> origin=null
        $receiver: GET_VAR 'val infiniteTransition: androidx.compose.animation.core.InfiniteTransition [val] declared in com.example.myapplication.ui.components.AmbientGlowBackgroundKt.AmbientGlowBackground' type=androidx.compose.animation.core.InfiniteTransition origin=null
        initialValue: CONST Float type=kotlin.Float value=0.12
        targetValue: CONST Float type=kotlin.Float value=0.22
        animationSpec: TYPE_OP type=androidx.compose.animation.core.InfiniteRepeatableSpec<kotlin.Float> origin=IMPLICIT_CAST typeOperand=androidx.compose.animation.core.InfiniteRepeatableSpec<kotlin.Float>
          CALL 'public final fun infiniteRepeatable-9IiC70o$default <T> (animation: androidx.compose.animation.core.DurationBasedAnimationSpec<T of androidx.compose.animation.core.AnimationSpecKt.infiniteRepeatable-9IiC70o$default>, repeatMode: androidx.compose.animation.core.RepeatMode?, initialStartOffset: androidx.compose.animation.core.StartOffset, $mask0: kotlin.Int, $handler: kotlin.Any?): androidx.compose.animation.core.InfiniteRepeatableSpec<T of androidx.compose.animation.core.AnimationSpecKt.infiniteRepeatable> declared in androidx.compose.animation.core.AnimationSpecKt' type=androidx.compose.animation.core.InfiniteRepeatableSpec<T of androidx.compose.animation.core.AnimationSpecKt.infiniteRepeatable> origin=DEFAULT_DISPATCH_CALL
            <T>: kotlin.Float
            animation: TYPE_OP type=androidx.compose.animation.core.TweenSpec<kotlin.Float> origin=IMPLICIT_CAST typeOperand=androidx.compose.animation.core.TweenSpec<kotlin.Float>
              CALL 'public final fun tween$default <T> (durationMillis: kotlin.Int, delayMillis: kotlin.Int, easing: androidx.compose.animation.core.Easing?, $mask0: kotlin.Int, $handler: kotlin.Any?): androidx.compose.animation.core.TweenSpec<T of androidx.compose.animation.core.AnimationSpecKt.tween$default> declared in androidx.compose.animation.core.AnimationSpecKt' type=androidx.compose.animation.core.TweenSpec<T of androidx.compose.animation.core.AnimationSpecKt.tween$default> origin=DEFAULT_DISPATCH_CALL
                <T>: kotlin.Float
                durationMillis: CONST Int type=kotlin.Int value=5500
                delayMillis: COMPOSITE type=kotlin.Int origin=DEFAULT_VALUE
                  CONST Int type=kotlin.Int value=0
                easing: GET_FIELD 'FIELD PROPERTY_BACKING_FIELD name:EaseInOutQuart type:androidx.compose.animation.core.CubicBezierEasing visibility:private [final,static]' type=androidx.compose.animation.core.CubicBezierEasing origin=null
                $mask0: CONST Int type=kotlin.Int value=2
                $handler: CONST Null type=kotlin.Any? value=null
            repeatMode: GET_FIELD 'FIELD FIELD_FOR_ENUM_ENTRY name:Reverse type:androidx.compose.animation.core.RepeatMode visibility:public [final,static]' type=androidx.compose.animation.core.RepeatMode origin=null
            initialStartOffset: COMPOSITE type=androidx.compose.animation.core.StartOffset origin=DEFAULT_VALUE
              CALL 'public final fun <unsafe-coerce> <T, R> (v: T of kotlin.jvm.internal.<unsafe-coerce>): R of kotlin.jvm.internal.<unsafe-coerce> declared in kotlin.jvm.internal' type=androidx.compose.animation.core.StartOffset origin=null
                <T>: kotlin.Long
                <R>: androidx.compose.animation.core.StartOffset
                v: CONST Long type=kotlin.Long value=0
            $mask0: CONST Int type=kotlin.Int value=4
            $handler: CONST Null type=kotlin.Any? value=null
        label: CONST String type=kotlin.String value="bluePulse"
    VAR PROPERTY_DELEGATE name:orangeAlpha$delegate type:androidx.compose.runtime.State<kotlin.Float> [val]
      CALL 'public final fun animateFloat (initialValue: kotlin.Float, targetValue: kotlin.Float, animationSpec: androidx.compose.animation.core.InfiniteRepeatableSpec<kotlin.Float>, label: kotlin.String): androidx.compose.runtime.State<kotlin.Float> declared in androidx.compose.animation.core.InfiniteTransitionKt' type=androidx.compose.runtime.State<kotlin.Float> origin=null
        $receiver: GET_VAR 'val infiniteTransition: androidx.compose.animation.core.InfiniteTransition [val] declared in com.example.myapplication.ui.components.AmbientGlowBackgroundKt.AmbientGlowBackground' type=androidx.compose.animation.core.InfiniteTransition origin=null
        initialValue: CONST Float type=kotlin.Float value=0.08
        targetValue: CONST Float type=kotlin.Float value=0.18
        animationSpec: TYPE_OP type=androidx.compose.animation.core.InfiniteRepeatableSpec<kotlin.Float> origin=IMPLICIT_CAST typeOperand=androidx.compose.animation.core.InfiniteRepeatableSpec<kotlin.Float>
          CALL 'public final fun infiniteRepeatable-9IiC70o$default <T> (animation: androidx.compose.animation.core.DurationBasedAnimationSpec<T of androidx.compose.animation.core.AnimationSpecKt.infiniteRepeatable-9IiC70o$default>, repeatMode: androidx.compose.animation.core.RepeatMode?, initialStartOffset: androidx.compose.animation.core.StartOffset, $mask0: kotlin.Int, $handler: kotlin.Any?): androidx.compose.animation.core.InfiniteRepeatableSpec<T of androidx.compose.animation.core.AnimationSpecKt.infiniteRepeatable> declared in androidx.compose.animation.core.AnimationSpecKt' type=androidx.compose.animation.core.InfiniteRepeatableSpec<T of androidx.compose.animation.core.AnimationSpecKt.infiniteRepeatable> origin=DEFAULT_DISPATCH_CALL
            <T>: kotlin.Float
            animation: TYPE_OP type=androidx.compose.animation.core.TweenSpec<kotlin.Float> origin=IMPLICIT_CAST typeOperand=androidx.compose.animation.core.TweenSpec<kotlin.Float>
              CALL 'public final fun tween$default <T> (durationMillis: kotlin.Int, delayMillis: kotlin.Int, easing: androidx.compose.animation.core.Easing?, $mask0: kotlin.Int, $handler: kotlin.Any?): androidx.compose.animation.core.TweenSpec<T of androidx.compose.animation.core.AnimationSpecKt.tween$default> declared in androidx.compose.animation.core.AnimationSpecKt' type=androidx.compose.animation.core.TweenSpec<T of androidx.compose.animation.core.AnimationSpecKt.tween$default> origin=DEFAULT_DISPATCH_CALL
                <T>: kotlin.Float
                durationMillis: CONST Int type=kotlin.Int value=7000
                delayMillis: COMPOSITE type=kotlin.Int origin=DEFAULT_VALUE
                  CONST Int type=kotlin.Int value=0
                easing: GET_FIELD 'FIELD PROPERTY_BACKING_FIELD name:EaseInOutQuart type:androidx.compose.animation.core.CubicBezierEasing visibility:private [final,static]' type=androidx.compose.animation.core.CubicBezierEasing origin=null
                $mask0: CONST Int type=kotlin.Int value=2
                $handler: CONST Null type=kotlin.Any? value=null
            repeatMode: GET_FIELD 'FIELD FIELD_FOR_ENUM_ENTRY name:Reverse type:androidx.compose.animation.core.RepeatMode visibility:public [final,static]' type=androidx.compose.animation.core.RepeatMode origin=null
            initialStartOffset: COMPOSITE type=androidx.compose.animation.core.StartOffset origin=DEFAULT_VALUE
              CALL 'public final fun <unsafe-coerce> <T, R> (v: T of kotlin.jvm.internal.<unsafe-coerce>): R of kotlin.jvm.internal.<unsafe-coerce> declared in kotlin.jvm.internal' type=androidx.compose.animation.core.StartOffset origin=null
                <T>: kotlin.Long
                <R>: androidx.compose.animation.core.StartOffset
                v: CONST Long type=kotlin.Long value=0
            $mask0: CONST Int type=kotlin.Int value=4
            $handler: CONST Null type=kotlin.Any? value=null
        label: CONST String type=kotlin.String value="orangePulse"
    CALL 'public final fun Box$default (modifier: androidx.compose.ui.Modifier?, contentAlignment: androidx.compose.ui.Alignment?, propagateMinConstraints: kotlin.Boolean, content: @[Composable] @[ExtensionFunctionType] kotlin.Function1<androidx.compose.foundation.layout.BoxScope, kotlin.Unit>, $mask0: kotlin.Int, $handler: kotlin.Any?): kotlin.Unit [inline] declared in androidx.compose.foundation.layout.BoxKt' type=kotlin.Unit origin=DEFAULT_DISPATCH_CALL
      modifier: CALL 'public final fun background$default (brush: androidx.compose.ui.graphics.Brush, shape: androidx.compose.ui.graphics.Shape?, alpha: kotlin.Float, $mask0: kotlin.Int, $handler: kotlin.Any?): androidx.compose.ui.Modifier declared in androidx.compose.foundation.BackgroundKt' type=androidx.compose.ui.Modifier origin=DEFAULT_DISPATCH_CALL
        $receiver: CALL 'public final fun background-bw27NRU$default (color: androidx.compose.ui.graphics.Color, shape: androidx.compose.ui.graphics.Shape?, $mask0: kotlin.Int, $handler: kotlin.Any?): androidx.compose.ui.Modifier declared in androidx.compose.foundation.BackgroundKt' type=androidx.compose.ui.Modifier origin=DEFAULT_DISPATCH_CALL
          $receiver: GET_VAR 'modifier: androidx.compose.ui.Modifier declared in com.example.myapplication.ui.components.AmbientGlowBackgroundKt.AmbientGlowBackground' type=androidx.compose.ui.Modifier origin=null
          color: CALL 'public final fun <get-ClujDark> (): androidx.compose.ui.graphics.Color declared in com.example.myapplication.ui.theme.ColorKt' type=androidx.compose.ui.graphics.Color origin=GET_PROPERTY
          shape: COMPOSITE type=androidx.compose.ui.graphics.Shape? origin=DEFAULT_VALUE
            CONST Null type=androidx.compose.ui.graphics.Shape? value=null
          $mask0: CONST Int type=kotlin.Int value=2
          $handler: CONST Null type=kotlin.Any? value=null
        brush: CALL 'public final fun radialGradient-P_Vx-Ks$default ($this: androidx.compose.ui.graphics.Brush.Companion, colors: kotlin.collections.List<androidx.compose.ui.graphics.Color>, center: androidx.compose.ui.geometry.Offset, radius: kotlin.Float, tileMode: androidx.compose.ui.graphics.TileMode, $mask0: kotlin.Int, $handler: kotlin.Any?): androidx.compose.ui.graphics.Brush declared in androidx.compose.ui.graphics.Brush.Companion' type=androidx.compose.ui.graphics.Brush origin=DEFAULT_DISPATCH_CALL
          $this: GET_FIELD 'FIELD FIELD_FOR_OBJECT_INSTANCE name:Companion type:androidx.compose.ui.graphics.Brush.Companion visibility:public [final,static]' type=androidx.compose.ui.graphics.Brush.Companion origin=null
          colors: CALL 'public final fun listOf <T> (vararg elements: T of kotlin.collections.CollectionsKt.listOf): kotlin.collections.List<T of kotlin.collections.CollectionsKt.listOf> declared in kotlin.collections.CollectionsKt' type=kotlin.collections.List<androidx.compose.ui.graphics.Color> origin=null
            <T>: androidx.compose.ui.graphics.Color
            elements: BLOCK type=kotlin.Array<out androidx.compose.ui.graphics.Color> origin=null
              VAR IR_TEMPORARY_VARIABLE name:tmp0 type:kotlin.Array<out androidx.compose.ui.graphics.Color> [val]
                CALL 'public final fun arrayOfNulls <T> (size: kotlin.Int): kotlin.Array<T of kotlin.arrayOfNulls?> declared in kotlin' type=kotlin.Array<out androidx.compose.ui.graphics.Color> origin=null
                  <T>: androidx.compose.ui.graphics.Color
                  size: CONST Int type=kotlin.Int value=2
              CALL 'public final fun set (index: kotlin.Int, value: T of kotlin.Array): kotlin.Unit [operator] declared in kotlin.Array' type=kotlin.Unit origin=null
                $this: GET_VAR 'val tmp0: kotlin.Array<out androidx.compose.ui.graphics.Color> [val] declared in com.example.myapplication.ui.components.AmbientGlowBackgroundKt.AmbientGlowBackground' type=kotlin.Array<out androidx.compose.ui.graphics.Color> origin=null
                index: CONST Int type=kotlin.Int value=0
                value: CALL 'public final fun copy-wmQWz5c$default (arg0: androidx.compose.ui.graphics.Color, alpha: kotlin.Float, red: kotlin.Float, green: kotlin.Float, blue: kotlin.Float, $mask0: kotlin.Int, $handler: kotlin.Any?): androidx.compose.ui.graphics.Color declared in androidx.compose.ui.graphics.Color' type=androidx.compose.ui.graphics.Color origin=DEFAULT_DISPATCH_CALL
                  arg0: CALL 'public final fun <get-ClujGreen> (): androidx.compose.ui.graphics.Color declared in com.example.myapplication.ui.theme.ColorKt' type=androidx.compose.ui.graphics.Color origin=GET_PROPERTY
                  alpha: CONST Float type=kotlin.Float value=0.2
                  red: COMPOSITE type=kotlin.Float origin=DEFAULT_VALUE
                    CONST Float type=kotlin.Float value=0.0
                  green: COMPOSITE type=kotlin.Float origin=DEFAULT_VALUE
                    CONST Float type=kotlin.Float value=0.0
                  blue: COMPOSITE type=kotlin.Float origin=DEFAULT_VALUE
                    CONST Float type=kotlin.Float value=0.0
                  $mask0: CONST Int type=kotlin.Int value=14
                  $handler: CONST Null type=kotlin.Any? value=null
              CALL 'public final fun set (index: kotlin.Int, value: T of kotlin.Array): kotlin.Unit [operator] declared in kotlin.Array' type=kotlin.Unit origin=null
                $this: GET_VAR 'val tmp0: kotlin.Array<out androidx.compose.ui.graphics.Color> [val] declared in com.example.myapplication.ui.components.AmbientGlowBackgroundKt.AmbientGlowBackground' type=kotlin.Array<out androidx.compose.ui.graphics.Color> origin=null
                index: CONST Int type=kotlin.Int value=1
                value: CALL 'public final fun getTransparent-0d7_KjU (): androidx.compose.ui.graphics.Color declared in androidx.compose.ui.graphics.Color.Companion' type=androidx.compose.ui.graphics.Color origin=GET_PROPERTY
                  $this: GET_FIELD 'FIELD FIELD_FOR_OBJECT_INSTANCE name:Companion type:androidx.compose.ui.graphics.Color.Companion visibility:public [final,static]' type=androidx.compose.ui.graphics.Color.Companion origin=null
              GET_VAR 'val tmp0: kotlin.Array<out androidx.compose.ui.graphics.Color> [val] declared in com.example.myapplication.ui.components.AmbientGlowBackgroundKt.AmbientGlowBackground' type=kotlin.Array<out androidx.compose.ui.graphics.Color> origin=null
          center: CALL 'public final fun Offset (x: kotlin.Float, y: kotlin.Float): androidx.compose.ui.geometry.Offset declared in androidx.compose.ui.geometry.OffsetKt' type=androidx.compose.ui.geometry.Offset origin=null
            x: CONST Float type=kotlin.Float value=0.0
            y: CONST Float type=kotlin.Float value=0.0
          radius: CONST Float type=kotlin.Float value=900.0
          tileMode: COMPOSITE type=androidx.compose.ui.graphics.TileMode origin=DEFAULT_VALUE
            CALL 'public final fun <unsafe-coerce> <T, R> (v: T of kotlin.jvm.internal.<unsafe-coerce>): R of kotlin.jvm.internal.<unsafe-coerce> declared in kotlin.jvm.internal' type=androidx.compose.ui.graphics.TileMode origin=null
              <T>: kotlin.Int
              <R>: androidx.compose.ui.graphics.TileMode
              v: CONST Int type=kotlin.Int value=0
          $mask0: CONST Int type=kotlin.Int value=8
          $handler: CONST Null type=kotlin.Any? value=null
        shape: COMPOSITE type=androidx.compose.ui.graphics.Shape? origin=DEFAULT_VALUE
          CONST Null type=androidx.compose.ui.graphics.Shape? value=null
        alpha: COMPOSITE type=kotlin.Float origin=DEFAULT_VALUE
          CONST Float type=kotlin.Float value=0.0
        $mask0: CONST Int type=kotlin.Int value=6
        $handler: CONST Null type=kotlin.Any? value=null
      contentAlignment: COMPOSITE type=androidx.compose.ui.Alignment? origin=DEFAULT_VALUE
        CONST Null type=androidx.compose.ui.Alignment? value=null
      propagateMinConstraints: COMPOSITE type=kotlin.Boolean origin=DEFAULT_VALUE
        CONST Boolean type=kotlin.Boolean value=false
      content: BLOCK type=@[ExtensionFunctionType] kotlin.Function1<androidx.compose.foundation.layout.BoxScope, kotlin.Unit> origin=LAMBDA
        COMPOSITE type=kotlin.Unit origin=null
        FUNCTION_REFERENCE 'private final fun AmbientGlowBackground$lambda$3 ($content: @[Composable] @[ExtensionFunctionType] kotlin.Function1<androidx.compose.foundation.layout.BoxScope, kotlin.Unit>, $greenAlpha$delegate: androidx.compose.runtime.State<kotlin.Float>, $blueAlpha$delegate: androidx.compose.runtime.State<kotlin.Float>, $orangeAlpha$delegate: androidx.compose.runtime.State<kotlin.Float>): kotlin.Unit declared in com.example.myapplication.ui.components.AmbientGlowBackgroundKt' type=@[ExtensionFunctionType] kotlin.Function1<androidx.compose.foundation.layout.BoxScope, kotlin.Unit> origin=INLINE_LAMBDA reflectionTarget=null
          $content: GET_VAR 'content: @[Composable] @[ExtensionFunctionType] kotlin.Function1<androidx.compose.foundation.layout.BoxScope, kotlin.Unit> declared in com.example.myapplication.ui.components.AmbientGlowBackgroundKt.AmbientGlowBackground' type=@[Composable] @[ExtensionFunctionType] kotlin.Function1<androidx.compose.foundation.layout.BoxScope, kotlin.Unit> origin=null
          $greenAlpha$delegate: GET_VAR 'val greenAlpha$delegate: androidx.compose.runtime.State<kotlin.Float> [val] declared in com.example.myapplication.ui.components.AmbientGlowBackgroundKt.AmbientGlowBackground' type=androidx.compose.runtime.State<kotlin.Float> origin=null
          $blueAlpha$delegate: GET_VAR 'val blueAlpha$delegate: androidx.compose.runtime.State<kotlin.Float> [val] declared in com.example.myapplication.ui.components.AmbientGlowBackgroundKt.AmbientGlowBackground' type=androidx.compose.runtime.State<kotlin.Float> origin=null
          $orangeAlpha$delegate: GET_VAR 'val orangeAlpha$delegate: androidx.compose.runtime.State<kotlin.Float> [val] declared in com.example.myapplication.ui.components.AmbientGlowBackgroundKt.AmbientGlowBackground' type=androidx.compose.runtime.State<kotlin.Float> origin=null
      $mask0: CONST Int type=kotlin.Int value=6
      $handler: CONST Null type=kotlin.Any? value=null

	at org.jetbrains.kotlin.backend.jvm.codegen.FunctionCodegen.generate(FunctionCodegen.kt:50)
	at org.jetbrains.kotlin.backend.jvm.codegen.FunctionCodegen.generate$default(FunctionCodegen.kt:42)
	at org.jetbrains.kotlin.backend.jvm.codegen.ClassCodegen.generateMethodNode(ClassCodegen.kt:385)
	at org.jetbrains.kotlin.backend.jvm.codegen.ClassCodegen.generateMethod(ClassCodegen.kt:402)
	at org.jetbrains.kotlin.backend.jvm.codegen.ClassCodegen.generate(ClassCodegen.kt:169)
	at org.jetbrains.kotlin.backend.jvm.FileCodegen.lower(JvmPhases.kt:41)
	at org.jetbrains.kotlin.backend.common.phaser.PhaseBuildersKt.makeIrFilePhase$lambda$5(PhaseBuilders.kt:114)
	at org.jetbrains.kotlin.backend.common.phaser.PhaseBuildersKt$createSimpleNamedCompilerPhase$1.phaseBody(PhaseBuilders.kt:71)
	at org.jetbrains.kotlin.backend.common.phaser.SimpleNamedCompilerPhase.phaseBody(CompilerPhase.kt:226)
	at org.jetbrains.kotlin.backend.common.phaser.AbstractNamedCompilerPhase.invoke(CompilerPhase.kt:113)
	at org.jetbrains.kotlin.backend.common.phaser.PerformByIrFilePhase.invokeSequential(performByIrFile.kt:62)
	... 43 more
Caused by: org.jetbrains.kotlin.codegen.CompilationException: Back-end (JVM) Internal error: Couldn't inline method call: CALL 'public final fun Box$default (modifier: androidx.compose.ui.Modifier?, contentAlignment: androidx.compose.ui.Alignment?, propagateMinConstraints: kotlin.Boolean, content: @[Composable] @[ExtensionFunctionType] kotlin.Function1<androidx.compose.foundation.layout.BoxScope, kotlin.Unit>, $mask0: kotlin.Int, $handler: kotlin.Any?): kotlin.Unit [inline] declared in androidx.compose.foundation.layout.BoxKt' type=kotlin.Unit origin=DEFAULT_DISPATCH_CALL
Method: null
File is unknown
The root cause java.lang.IllegalStateException was thrown at: org.jetbrains.kotlin.codegen.inline.SourceCompilerForInlineKt.getMethodNode(SourceCompilerForInline.kt:118)
	at org.jetbrains.kotlin.codegen.inline.InlineCodegen.performInline(InlineCodegen.kt:65)
	at org.jetbrains.kotlin.backend.jvm.codegen.IrInlineCodegen.genInlineCall(IrInlineCodegen.kt:162)
	at org.jetbrains.kotlin.backend.jvm.codegen.IrInlineCallGenerator.genCall(IrInlineCallGenerator.kt:36)
	at org.jetbrains.kotlin.backend.jvm.codegen.ExpressionCodegen.visitCall(ExpressionCodegen.kt:647)
	at org.jetbrains.kotlin.backend.jvm.codegen.ExpressionCodegen.visitCall(ExpressionCodegen.kt:137)
	at org.jetbrains.kotlin.ir.expressions.IrCall.accept(IrCall.kt:24)
	at org.jetbrains.kotlin.backend.jvm.codegen.ExpressionCodegen.visitStatementContainer(ExpressionCodegen.kt:573)
	at org.jetbrains.kotlin.backend.jvm.codegen.ExpressionCodegen.visitBlockBody(ExpressionCodegen.kt:578)
	at org.jetbrains.kotlin.backend.jvm.codegen.ExpressionCodegen.visitBlockBody(ExpressionCodegen.kt:137)
	at org.jetbrains.kotlin.ir.expressions.IrBlockBody.accept(IrBlockBody.kt:20)
	at org.jetbrains.kotlin.backend.jvm.codegen.ExpressionCodegen.generate(ExpressionCodegen.kt:239)
	at org.jetbrains.kotlin.backend.jvm.codegen.FunctionCodegen.doGenerate(FunctionCodegen.kt:121)
	at org.jetbrains.kotlin.backend.jvm.codegen.FunctionCodegen.generate(FunctionCodegen.kt:46)
	... 53 more
Caused by: java.lang.IllegalStateException: couldn't find inline method Landroidx/compose/foundation/layout/BoxKt;.Box$default(Landroidx/compose/ui/Modifier;Landroidx/compose/ui/Alignment;ZLkotlin/jvm/functions/Function1;ILjava/lang/Object;)V
	at org.jetbrains.kotlin.codegen.inline.SourceCompilerForInlineKt.getMethodNode(SourceCompilerForInline.kt:118)
	at org.jetbrains.kotlin.codegen.inline.SourceCompilerForInlineKt.loadCompiledInlineFunction(SourceCompilerForInline.kt:96)
	at org.jetbrains.kotlin.backend.jvm.codegen.IrSourceCompilerForInline.compileInlineFunction(IrSourceCompilerForInline.kt:91)
	at org.jetbrains.kotlin.codegen.inline.InlineCodegen.compileInline(InlineCodegen.kt:43)
	at org.jetbrains.kotlin.codegen.inline.InlineCodegen.performInline(InlineCodegen.kt:51)
	... 65 more


